\BOOKMARK [1][-]{section.1}{\376\377\000I\000n\000t\000r\000o\000d\000u\000\347\000\343\000o}{}% 1
\BOOKMARK [1][-]{section.2}{\376\377\000O\000b\000j\000e\000t\000i\000v\000o\000s}{}% 2
\BOOKMARK [2][-]{subsection.2.1}{\376\377\000P\000r\000o\000b\000l\000e\000m\000a}{section.2}% 3
\BOOKMARK [2][-]{subsection.2.2}{\376\377\000O\000b\000j\000e\000t\000i\000v\000o\000\040\000g\000e\000r\000a\000l}{section.2}% 4
\BOOKMARK [2][-]{subsection.2.3}{\376\377\000O\000b\000j\000e\000t\000i\000v\000o\000s\000\040\000e\000s\000p\000e\000c\000\355\000f\000i\000c\000o\000s}{section.2}% 5
\BOOKMARK [2][-]{subsection.2.4}{\376\377\000S\000\355\000n\000t\000e\000s\000e}{section.2}% 6
\BOOKMARK [1][-]{section.3}{\376\377\000A\000r\000q\000u\000i\000t\000e\000t\000u\000r\000a}{}% 7
\BOOKMARK [2][-]{subsection.3.1}{\376\377\000V\000i\000s\000\343\000o\000\040\000g\000e\000r\000a\000l\000\040\000e\000m\000\040\000c\000a\000m\000a\000d\000a\000s}{section.3}% 8
\BOOKMARK [2][-]{subsection.3.2}{\376\377\000N\000\363\000s\000\040\000e\000\040\000t\000o\000p\000o\000l\000o\000g\000i\000a}{section.3}% 9
\BOOKMARK [2][-]{subsection.3.3}{\376\377\000M\000a\000p\000a\000\040\000d\000e\000\040\000t\000\363\000p\000i\000c\000o\000s\000\040\000Z\000e\000n\000o\000h}{section.3}% 10
\BOOKMARK [2][-]{subsection.3.4}{\376\377\000M\000o\000d\000e\000l\000o\000\040\000d\000e\000\040\000p\000a\000p\000\351\000i\000s}{section.3}% 11
\BOOKMARK [2][-]{subsection.3.5}{\376\377\000T\000i\000p\000o\000s\000\040\000d\000e\000\040\000m\000e\000n\000s\000a\000g\000e\000n\000s\000\040\000t\000r\000o\000c\000a\000d\000a\000s}{section.3}% 12
\BOOKMARK [1][-]{section.4}{\376\377\000I\000m\000p\000l\000e\000m\000e\000n\000t\000a\000\347\000\343\000o}{}% 13
\BOOKMARK [2][-]{subsection.4.1}{\376\377\000V\000i\000s\000\343\000o\000\040\000g\000e\000r\000a\000l}{section.4}% 14
\BOOKMARK [2][-]{subsection.4.2}{\376\377\000F\000u\000n\000d\000a\000m\000e\000n\000t\000o\000s\000\040\000g\000e\000o\000m\000\351\000t\000r\000i\000c\000o\000s\000\040\000e\000\040\000c\000i\000n\000e\000m\000\341\000t\000i\000c\000o\000s}{section.4}% 15
\BOOKMARK [2][-]{subsection.4.3}{\376\377\000M\000e\000n\000s\000a\000g\000e\000n\000s\000\040\000e\000\040\000c\000o\000n\000s\000c\000i\000\352\000n\000c\000i\000a\000\040\000s\000i\000t\000u\000a\000c\000i\000o\000n\000a\000l}{section.4}% 16
\BOOKMARK [2][-]{subsection.4.4}{\376\377\000O\000\040\000p\000r\000o\000t\000o\000c\000o\000l\000o\000\040\000M\000e\000r\000g\000e\000P\000r\000o\000t\000o\000c\000o\000l}{section.4}% 17
\BOOKMARK [3][-]{subsubsection.4.4.1}{\376\377\000L\000a\000d\000o\000\040\000d\000o\000\040\000M\000e\000r\000g\000e\000\040\000C\000a\000r\000\040\000\050\000r\000a\000m\000p\000a\000\051}{subsection.4.4}% 18
\BOOKMARK [3][-]{subsubsection.4.4.2}{\376\377\000L\000a\000d\000o\000\040\000d\000o\000\040\000v\000e\000\355\000c\000u\000l\000o\000\040\000d\000a\000\040\000v\000i\000a\000\040\000p\000r\000i\000n\000c\000i\000p\000a\000l}{subsection.4.4}% 19
\BOOKMARK [2][-]{subsection.4.5}{\376\377\000A\000\040\000n\000e\000g\000o\000c\000i\000a\000\347\000\343\000o\000\040\000d\000e\000\040\000p\000o\000n\000t\000a\000\040\000a\000\040\000p\000o\000n\000t\000a}{section.4}% 20
\BOOKMARK [2][-]{subsection.4.6}{\376\377\000O\000r\000q\000u\000e\000s\000t\000r\000a\000\347\000\343\000o\000,\000\040\000v\000i\000s\000u\000a\000l\000i\000z\000a\000\347\000\343\000o\000\040\000e\000\040\000m\000o\000d\000o\000\040\000d\000e\000m\000o}{section.4}% 21
\BOOKMARK [1][-]{section.5}{\376\377\000F\000l\000u\000x\000o\000\040\000d\000a\000\040\000D\000e\000m\000o\000n\000s\000t\000r\000a\000\347\000\343\000o}{}% 22
\BOOKMARK [2][-]{subsection.5.1}{\376\377\000P\000r\000e\000p\000a\000r\000a\000\347\000\343\000o}{section.5}% 23
\BOOKMARK [2][-]{subsection.5.2}{\376\377\000T\000i\000m\000e\000l\000i\000n\000e\000\040\000d\000e\000\040\000u\000m\000a\000\040\000n\000e\000g\000o\000c\000i\000a\000\347\000\343\000o}{section.5}% 24
\BOOKMARK [2][-]{subsection.5.3}{\376\377\000A\000l\000e\000a\000t\000o\000r\000i\000e\000d\000a\000d\000e\000\040\000e\000\040\000v\000a\000r\000i\000\341\000v\000e\000i\000s}{section.5}% 25
\BOOKMARK [2][-]{subsection.5.4}{\376\377\000C\000e\000n\000\341\000r\000i\000o\000s}{section.5}% 26
\BOOKMARK [1][-]{section.6}{\376\377\000R\000e\000s\000u\000l\000t\000a\000d\000o\000s}{}% 27
\BOOKMARK [2][-]{subsection.6.1}{\376\377\000M\000e\000t\000o\000d\000o\000l\000o\000g\000i\000a\000\040\000d\000e\000\040\000v\000a\000l\000i\000d\000a\000\347\000\343\000o}{section.6}% 28
\BOOKMARK [2][-]{subsection.6.2}{\376\377\000R\000e\000s\000u\000l\000t\000a\000d\000o\000s\000\040\000p\000o\000r\000\040\000c\000e\000n\000\341\000r\000i\000o}{section.6}% 29
\BOOKMARK [2][-]{subsection.6.3}{\376\377\000V\000a\000l\000i\000d\000a\000\347\000\343\000o\000\040\000d\000o\000s\000\040\000m\000e\000c\000a\000n\000i\000s\000m\000o\000s\000\040\000d\000e\000\040\000s\000e\000g\000u\000r\000a\000n\000\347\000a}{section.6}% 30
\BOOKMARK [2][-]{subsection.6.4}{\376\377\000S\000\355\000n\000t\000e\000s\000e\000:\000\040\000o\000b\000j\000e\000t\000i\000v\000o\000s\000\040\000v\000a\000l\000i\000d\000a\000d\000o\000s}{section.6}% 31
\BOOKMARK [1][-]{section.7}{\376\377\000C\000o\000n\000c\000l\000u\000s\000\343\000o}{}% 32
